🚀 Starting WebRTC Flow Test
🔄 User A Reconnecting...
Testing Room Full...
❌ Room Full logic FAILED (User C joined)
